// Jest Snapshot v1, https://goo.gl/fbAQLP

exports[`ProductTitle should de mostrar el componente con el nombre del producto 1`] = `
<div
  className="productCard custom-class"
>
  <span
    className="productDescription undefined"
  >
    Coffee Mug - Sin imagen
  </span>
</div>
`;

exports[`ProductTitle should de mostrar el componente correctamente con el titulo personalizado 1`] = `
<span
  className="productDescription custom-class"
>
  El titulo
</span>
`;
